MPLINK 5.02, LINKER
Linker Map File - Created Fri Nov 30 10:26:42 2018

                                 Section Info
                  Section       Type    Address   Location Size(Bytes)
                ---------  ---------  ---------  ---------  ---------
                   .org_0       code   0x000000    program   0x0000f8
                   .cinit    romdata   0x00007c    program   0x000004
.config_2007_BUILD/DEFAULT/PRODUCTION/S17-PIA       code   0x002007    program   0x000002



                              Program Memory Usage 
                               Start         End      
                           ---------   ---------      
                            0x000000    0x00007d      
                            0x002007    0x002007      
            127 out of 8454 program addresses used, program memory utilization is 1%



                              Symbols - Sorted by Name
                     Name    Address   Location    Storage File                     
                ---------  ---------  ---------  --------- ---------                
                 PROGRAMA   0x00000e    program     static C:\Users\USER\Desktop\Sesión 17\S17-Piano.X\s17-piano.asm
                    RUTDO   0x000021    program     static C:\Users\USER\Desktop\Sesión 17\S17-Piano.X\s17-piano.asm
                    RUTFA   0x000048    program     static C:\Users\USER\Desktop\Sesión 17\S17-Piano.X\s17-piano.asm
                    RUTLA   0x000062    program     static C:\Users\USER\Desktop\Sesión 17\S17-Piano.X\s17-piano.asm
                    RUTMI   0x00003b    program     static C:\Users\USER\Desktop\Sesión 17\S17-Piano.X\s17-piano.asm
                    RUTRE   0x00002e    program     static C:\Users\USER\Desktop\Sesión 17\S17-Piano.X\s17-piano.asm
                    RUTSI   0x00006f    program     static C:\Users\USER\Desktop\Sesión 17\S17-Piano.X\s17-piano.asm
                   RUTSOL   0x000055    program     static C:\Users\USER\Desktop\Sesión 17\S17-Piano.X\s17-piano.asm
             _.org_0_002C   0x00002c    program     static C:\Users\USER\Desktop\Sesión 17\S17-Piano.X\s17-piano.asm
             _.org_0_0039   0x000039    program     static C:\Users\USER\Desktop\Sesión 17\S17-Piano.X\s17-piano.asm
             _.org_0_0046   0x000046    program     static C:\Users\USER\Desktop\Sesión 17\S17-Piano.X\s17-piano.asm
             _.org_0_0053   0x000053    program     static C:\Users\USER\Desktop\Sesión 17\S17-Piano.X\s17-piano.asm
             _.org_0_0060   0x000060    program     static C:\Users\USER\Desktop\Sesión 17\S17-Piano.X\s17-piano.asm
             _.org_0_006D   0x00006d    program     static C:\Users\USER\Desktop\Sesión 17\S17-Piano.X\s17-piano.asm
             _.org_0_007A   0x00007a    program     static C:\Users\USER\Desktop\Sesión 17\S17-Piano.X\s17-piano.asm



                              Symbols - Sorted by Address
                     Name    Address   Location    Storage File                     
                ---------  ---------  ---------  --------- ---------                
                 PROGRAMA   0x00000e    program     static C:\Users\USER\Desktop\Sesión 17\S17-Piano.X\s17-piano.asm
                    RUTDO   0x000021    program     static C:\Users\USER\Desktop\Sesión 17\S17-Piano.X\s17-piano.asm
             _.org_0_002C   0x00002c    program     static C:\Users\USER\Desktop\Sesión 17\S17-Piano.X\s17-piano.asm
                    RUTRE   0x00002e    program     static C:\Users\USER\Desktop\Sesión 17\S17-Piano.X\s17-piano.asm
             _.org_0_0039   0x000039    program     static C:\Users\USER\Desktop\Sesión 17\S17-Piano.X\s17-piano.asm
                    RUTMI   0x00003b    program     static C:\Users\USER\Desktop\Sesión 17\S17-Piano.X\s17-piano.asm
             _.org_0_0046   0x000046    program     static C:\Users\USER\Desktop\Sesión 17\S17-Piano.X\s17-piano.asm
                    RUTFA   0x000048    program     static C:\Users\USER\Desktop\Sesión 17\S17-Piano.X\s17-piano.asm
             _.org_0_0053   0x000053    program     static C:\Users\USER\Desktop\Sesión 17\S17-Piano.X\s17-piano.asm
                   RUTSOL   0x000055    program     static C:\Users\USER\Desktop\Sesión 17\S17-Piano.X\s17-piano.asm
             _.org_0_0060   0x000060    program     static C:\Users\USER\Desktop\Sesión 17\S17-Piano.X\s17-piano.asm
                    RUTLA   0x000062    program     static C:\Users\USER\Desktop\Sesión 17\S17-Piano.X\s17-piano.asm
             _.org_0_006D   0x00006d    program     static C:\Users\USER\Desktop\Sesión 17\S17-Piano.X\s17-piano.asm
                    RUTSI   0x00006f    program     static C:\Users\USER\Desktop\Sesión 17\S17-Piano.X\s17-piano.asm
             _.org_0_007A   0x00007a    program     static C:\Users\USER\Desktop\Sesión 17\S17-Piano.X\s17-piano.asm


