MPLINK 5.09, LINKER
Linker Map File - Created Mon Apr 08 23:29:37 2024

                                 Section Info
                  Section       Type    Address   Location Size(Bytes)
                ---------  ---------  ---------  ---------  ---------
                   .org_0       code   0x000000    program   0x00006e
                   .cinit    romdata   0x000037    program   0x000004
.config_2007_BUILD/DEFAULT/PRODUCTION/CONTADO       code   0x002007    program   0x000002



                              Program Memory Usage 
                               Start         End      
                           ---------   ---------      
                            0x000000    0x000038      
                            0x002007    0x002007      
            58 out of 8454 program addresses used, program memory utilization is 0%



                              Symbols - Sorted by Name
                     Name    Address   Location    Storage File                     
                ---------  ---------  ---------  --------- ---------                
                  DISPLAY   0x000021    program     static C:\Users\gerar\MPLABXProjects\Contador7seg.X\Contador7seg.asm
                   INICIO   0x000007    program     static C:\Users\gerar\MPLABXProjects\Contador7seg.X\Contador7seg.asm
                RESETCONT   0x00000c    program     static C:\Users\gerar\MPLABXProjects\Contador7seg.X\Contador7seg.asm
               RESETCONT2   0x00000a    program     static C:\Users\gerar\MPLABXProjects\Contador7seg.X\Contador7seg.asm
                  RETARDO   0x000025    program     static C:\Users\gerar\MPLABXProjects\Contador7seg.X\Contador7seg.asm
                 RETARDO1   0x00002b    program     static C:\Users\gerar\MPLABXProjects\Contador7seg.X\Contador7seg.asm
                 RETARDO2   0x000031    program     static C:\Users\gerar\MPLABXProjects\Contador7seg.X\Contador7seg.asm
                       X1   0x000033    program     static C:\Users\gerar\MPLABXProjects\Contador7seg.X\Contador7seg.asm
                       X2   0x00002d    program     static C:\Users\gerar\MPLABXProjects\Contador7seg.X\Contador7seg.asm
                       X3   0x000027    program     static C:\Users\gerar\MPLABXProjects\Contador7seg.X\Contador7seg.asm
             _.org_0_0014   0x000014    program     static C:\Users\gerar\MPLABXProjects\Contador7seg.X\Contador7seg.asm



                              Symbols - Sorted by Address
                     Name    Address   Location    Storage File                     
                ---------  ---------  ---------  --------- ---------                
                   INICIO   0x000007    program     static C:\Users\gerar\MPLABXProjects\Contador7seg.X\Contador7seg.asm
               RESETCONT2   0x00000a    program     static C:\Users\gerar\MPLABXProjects\Contador7seg.X\Contador7seg.asm
                RESETCONT   0x00000c    program     static C:\Users\gerar\MPLABXProjects\Contador7seg.X\Contador7seg.asm
             _.org_0_0014   0x000014    program     static C:\Users\gerar\MPLABXProjects\Contador7seg.X\Contador7seg.asm
                  DISPLAY   0x000021    program     static C:\Users\gerar\MPLABXProjects\Contador7seg.X\Contador7seg.asm
                  RETARDO   0x000025    program     static C:\Users\gerar\MPLABXProjects\Contador7seg.X\Contador7seg.asm
                       X3   0x000027    program     static C:\Users\gerar\MPLABXProjects\Contador7seg.X\Contador7seg.asm
                 RETARDO1   0x00002b    program     static C:\Users\gerar\MPLABXProjects\Contador7seg.X\Contador7seg.asm
                       X2   0x00002d    program     static C:\Users\gerar\MPLABXProjects\Contador7seg.X\Contador7seg.asm
                 RETARDO2   0x000031    program     static C:\Users\gerar\MPLABXProjects\Contador7seg.X\Contador7seg.asm
                       X1   0x000033    program     static C:\Users\gerar\MPLABXProjects\Contador7seg.X\Contador7seg.asm


